// Jest Snapshot v1, https://goo.gl/fbAQLP

exports[`template renders default 1`] = `
"<div>
  <!--v-if-->
  <!--
        @slot Displays the input
        @binding {boolean} is-invalid Describes if the input is invalid
        @binding {boolean} is-valid Describes if the input is valid
        -->
  <form-control-stub autofocus=\\"false\\" disabled=\\"false\\" modelvalue=\\"\\" placeholder=\\"\\" plaintext=\\"false\\" size=\\"md\\" type=\\"text\\" id=\\"dont-change-please\\" class=\\"\\"></form-control-stub>
  <!--v-if-->
  <!--v-if-->
  <!--v-if-->
</div>"
`;
