// Jest Snapshot v1, https://goo.gl/fbAQLP

exports[`template renders default 1`] = `
"<ul class=\\"dropdown-menu\\">
  <dropdown-menu-item-stub active=\\"false\\" divider=\\"false\\" header=\\"true\\" label=\\"Item 1\\"></dropdown-menu-item-stub>
  <dropdown-menu-item-stub active=\\"false\\" divider=\\"false\\" header=\\"false\\" label=\\"Item 3\\"></dropdown-menu-item-stub>
  <dropdown-menu-item-stub active=\\"false\\" divider=\\"true\\" header=\\"false\\"></dropdown-menu-item-stub>
  <dropdown-menu-item-stub active=\\"true\\" divider=\\"false\\" header=\\"false\\" label=\\"Item 4\\"></dropdown-menu-item-stub>
</ul>"
`;
