// Vitest Snapshot v1, https://vitest.dev/guide/snapshot.html

exports[`template > renders default 1`] = `
"<form-check-stub disabled=\\"false\\" id=\\"owow-wordpres-sist-hebe-stwe-bsolution!!!\\" inline=\\"false\\" label=\\"Item one\\" modelvalue=\\"false\\" switch=\\"false\\" type=\\"checkbox\\" value=\\"one\\"></form-check-stub>
<form-check-stub disabled=\\"false\\" id=\\"owow-wordpres-sist-hebe-stwe-bsolution!!!\\" inline=\\"false\\" label=\\"two\\" modelvalue=\\"false\\" switch=\\"false\\" type=\\"checkbox\\" value=\\"two\\"></form-check-stub>"
`;

exports[`template > renders radio 1`] = `
"<form-check-stub disabled=\\"false\\" id=\\"owow-wordpres-sist-hebe-stwe-bsolution!!!\\" inline=\\"false\\" label=\\"Item one\\" modelvalue=\\"false\\" name=\\"owow-wordpres-sist-hebe-stwe-bsolution!!!\\" switch=\\"false\\" type=\\"radio\\" value=\\"one\\"></form-check-stub>
<form-check-stub disabled=\\"false\\" id=\\"owow-wordpres-sist-hebe-stwe-bsolution!!!\\" inline=\\"false\\" label=\\"two\\" modelvalue=\\"false\\" name=\\"owow-wordpres-sist-hebe-stwe-bsolution!!!\\" switch=\\"false\\" type=\\"radio\\" value=\\"two\\"></form-check-stub>"
`;
