// Jest Snapshot v1, https://goo.gl/fbAQLP

exports[`template renders default 1`] = `
"<div class=\\"accordion-item\\">
  <h2 class=\\"accordion-header\\"><button class=\\"accordion-button collapsed\\" data-bs-toggle=\\"collapse\\" data-bs-target=\\"#dont-change-please\\"></button></h2>
  <div id=\\"dont-change-please\\" class=\\"accordion-collapse collapse\\">
    <div class=\\"accordion-body\\"></div>
  </div>
</div>"
`;
