// Vitest Snapshot v1, https://vitest.dev/guide/snapshot.html

exports[`template > renders default 1`] = `
"<div id=\\"dont-change-please\\" class=\\"offcanvas offcanvas-start\\" data-bs-backdrop=\\"true\\" data-bs-scroll=\\"false\\">
  <!--v-if-->
  <div class=\\"offcanvas-body\\">
    <!-- @slot Displays the body of the offcanvas -->
  </div>
</div>"
`;
