// Jest Snapshot v1, https://goo.gl/fbAQLP

exports[`template renders default 1`] = `
"<div id=\\"dont-change-please\\" class=\\"modal\\">
  <div class=\\"modal-dialog modal-md\\">
    <div class=\\"modal-content\\">
      <div class=\\"modal-header\\">
        <h5 class=\\"modal-title\\">Confirmation</h5><button class=\\"btn-close\\" data-bs-dismiss=\\"modal\\" type=\\"button\\"></button>
      </div>
      <div class=\\"modal-body\\">Are you sure?</div>
      <div class=\\"modal-footer\\"><button class=\\"btn btn-md btn-light\\">No</button><button class=\\"btn btn-md btn-primary\\">Yes</button></div>
    </div>
  </div>
</div>"
`;
