// Vitest Snapshot v1, https://vitest.dev/guide/snapshot.html

exports[`template > renders default 1`] = `"<label class=\\"form-image\\" for=\\"dont-change-please\\"><input id=\\"dont-change-please\\" accept=\\"image/*\\" hidden=\\"\\" type=\\"file\\"><!-- @slot Displays the placeholder --></label>"`;
